Dropped rare cell types (<20 cells): 9376 -> 9330 cells
cell_type
tT cells               3529
tMoMacDC               2412
tB cells               1114
tPlasma cells           662
tNeutrophils            647
tNK cells               259
tMast cells             174
Fibroblasts             148
Endothelial cells       109
Smooth muscle cells      90
Type II cells            83
tpDC                     77
ND                       26
Name: count, dtype: int64

Patients: ['p1', 'p2', 'p3', 'p4', 'p5', 'p6', 'p7']

=== FOLD: held-out patient = p1 ===
  train=5485 cal=2351 query=1494 (valid query labels: 1494/1494, 13 classes)
  top-1 accuracy: 0.9732
  alpha=0.01  target=0.99 | naive cov=0.991 size=1.27 | domain_clf_naive cov=0.984 size=8.31 | domain_clf cov=0.981 size=6.28 | centroid cov=0.991 size=1.28 | propensity cov=0.993 size=1.27
  alpha=0.05  target=0.95 | naive cov=0.955 size=1.06 | domain_clf_naive cov=0.948 size=5.56 | domain_clf cov=0.916 size=3.60 | centroid cov=0.965 size=1.07 | propensity cov=0.962 size=1.07
  alpha=0.1   target=0.90 | naive cov=0.903 size=0.97 | domain_clf_naive cov=0.837 size=4.22 | domain_clf cov=0.707 size=2.61 | centroid cov=0.910 size=0.98 | propensity cov=0.901 size=0.97

=== FOLD: held-out patient = p2 ===
  train=6269 cal=2687 query=374 (valid query labels: 374/374, 13 classes)
  top-1 accuracy: 0.9545
  alpha=0.01  target=0.99 | naive cov=0.981 size=1.88 | domain_clf_naive cov=0.997 size=6.02 | domain_clf cov=0.995 size=6.08 | centroid cov=0.984 size=1.87 | propensity cov=0.979 size=1.90
  alpha=0.05  target=0.95 | naive cov=0.944 size=1.24 | domain_clf_naive cov=0.952 size=2.25 | domain_clf cov=0.952 size=2.26 | centroid cov=0.957 size=1.24 | propensity cov=0.955 size=1.26
  alpha=0.1   target=0.90 | naive cov=0.914 size=1.07 | domain_clf_naive cov=0.858 size=1.32 | domain_clf cov=0.885 size=1.03 | centroid cov=0.896 size=1.07 | propensity cov=0.904 size=1.08

=== FOLD: held-out patient = p3 ===
  train=5495 cal=2355 query=1480 (valid query labels: 1480/1480, 13 classes)
  top-1 accuracy: 0.9568
  alpha=0.01  target=0.99 | naive cov=0.991 size=1.43 | domain_clf_naive cov=0.989 size=4.81 | domain_clf cov=0.989 size=3.84 | centroid cov=0.990 size=1.43 | propensity cov=0.996 size=1.47
  alpha=0.05  target=0.95 | naive cov=0.951 size=1.11 | domain_clf_naive cov=0.914 size=1.80 | domain_clf cov=0.925 size=1.44 | centroid cov=0.954 size=1.11 | propensity cov=0.953 size=1.11
  alpha=0.1   target=0.90 | naive cov=0.902 size=1.01 | domain_clf_naive cov=0.855 size=1.31 | domain_clf cov=0.843 size=0.92 | centroid cov=0.899 size=1.00 | propensity cov=0.918 size=1.02

=== FOLD: held-out patient = p4 ===
  train=5482 cal=2350 query=1498 (valid query labels: 1498/1498, 13 classes)
  top-1 accuracy: 0.9499
  alpha=0.01  target=0.99 | naive cov=0.991 size=1.77 | domain_clf_naive cov=0.993 size=10.29 | domain_clf cov=0.993 size=8.66 | centroid cov=0.991 size=1.77 | propensity cov=0.989 size=1.80
  alpha=0.05  target=0.95 | naive cov=0.957 size=1.22 | domain_clf_naive cov=0.989 size=7.73 | domain_clf cov=0.979 size=4.79 | centroid cov=0.961 size=1.22 | propensity cov=0.960 size=1.23
  alpha=0.1   target=0.90 | naive cov=0.907 size=1.05 | domain_clf_naive cov=0.971 size=6.50 | domain_clf cov=0.958 size=3.51 | centroid cov=0.911 size=1.06 | propensity cov=0.905 size=1.05

=== FOLD: held-out patient = p5 ===
  train=5483 cal=2351 query=1496 (valid query labels: 1496/1496, 13 classes)
  top-1 accuracy: 0.9398
  alpha=0.01  target=0.99 | naive cov=0.984 size=1.63 | domain_clf_naive cov=0.987 size=7.55 | domain_clf cov=0.989 size=7.15 | centroid cov=0.982 size=1.63 | propensity cov=0.985 size=1.70
  alpha=0.05  target=0.95 | naive cov=0.943 size=1.18 | domain_clf_naive cov=0.987 size=5.39 | domain_clf cov=0.983 size=5.07 | centroid cov=0.949 size=1.18 | propensity cov=0.939 size=1.18
  alpha=0.1   target=0.90 | naive cov=0.889 size=1.03 | domain_clf_naive cov=0.940 size=4.41 | domain_clf cov=0.936 size=4.26 | centroid cov=0.894 size=1.03 | propensity cov=0.891 size=1.03

=== FOLD: held-out patient = p6 ===
  train=5487 cal=2352 query=1491 (valid query labels: 1491/1491, 13 classes)
  top-1 accuracy: 0.9832
  alpha=0.01  target=0.99 | naive cov=0.993 size=1.26 | domain_clf_naive cov=0.989 size=4.18 | domain_clf cov=0.997 size=2.78 | centroid cov=0.991 size=1.26 | propensity cov=0.997 size=1.26
  alpha=0.05  target=0.95 | naive cov=0.958 size=1.04 | domain_clf_naive cov=0.945 size=1.72 | domain_clf cov=0.966 size=1.06 | centroid cov=0.970 size=1.06 | propensity cov=0.959 size=1.04
  alpha=0.1   target=0.90 | naive cov=0.903 size=0.95 | domain_clf_naive cov=0.838 size=1.19 | domain_clf cov=0.914 size=0.97 | centroid cov=0.923 size=0.97 | propensity cov=0.925 size=0.98

=== FOLD: held-out patient = p7 ===
  train=5483 cal=2350 query=1497 (valid query labels: 1497/1497, 13 classes)
  top-1 accuracy: 0.9753
  alpha=0.01  target=0.99 | naive cov=0.993 size=1.30 | domain_clf_naive cov=0.989 size=4.84 | domain_clf cov=0.995 size=4.12 | centroid cov=0.992 size=1.31 | propensity cov=0.997 size=1.31
  alpha=0.05  target=0.95 | naive cov=0.948 size=1.06 | domain_clf_naive cov=0.918 size=1.95 | domain_clf cov=0.910 size=1.62 | centroid cov=0.949 size=1.06 | propensity cov=0.940 size=1.05
  alpha=0.1   target=0.90 | naive cov=0.898 size=0.96 | domain_clf_naive cov=0.890 size=1.34 | domain_clf cov=0.878 size=0.94 | centroid cov=0.901 size=0.97 | propensity cov=0.913 size=0.98

Saved -> D:\Research\NCS\phase3_batch_reweighting\results\tier2_gse127465_results.json

======================================================================
AGGREGATE (mean across folds)
======================================================================
                                  coverage  avg_size  target_coverage
alpha method                                                         
0.01  domain_clf                  0.991099  5.556761             0.99
      domain_clf_naive            0.989760  6.569802             0.99
      naive                       0.989193  1.504193             0.99
      structure_aware_centroid    0.988808  1.505436             0.99
      structure_aware_propensity  0.990826  1.530797             0.99
0.05  domain_clf                  0.947249  2.834069             0.95
      domain_clf_naive            0.950473  3.772071             0.95
      naive                       0.950826  1.130983             0.95
      structure_aware_centroid    0.957904  1.134332             0.95
      structure_aware_propensity  0.952454  1.135089             0.95
0.1   domain_clf                  0.874491  2.034940             0.90
      domain_clf_naive            0.884236  2.897242             0.90
      naive                       0.902315  1.005899             0.90
      structure_aware_centroid    0.904802  1.011335             0.90
      structure_aware_propensity  0.908077  1.014907             0.90
